// Jest Snapshot v1, https://goo.gl/fbAQLP

exports[`<BaseCard /> renders correctly 1`] = `
<RNCSafeAreaProvider
  onInsetsChange={[Function]}
  style={
    Array [
      Object {
        "flex": 1,
      },
      undefined,
    ]
  }
>
  <View
    style={
      Array [
        Object {
          "alignItems": "center",
          "backgroundColor": "#FFFFFF",
          "borderRadius": 16,
          "display": "flex",
          "justifyContent": "center",
        },
        Object {
          "elevation": 24,
          "shadowColor": "#1b1956",
          "shadowOffset": Object {
            "height": 0,
            "width": 4,
          },
          "shadowOpacity": 0.1,
          "shadowRadius": 30,
        },
      ]
    }
  >
    <Text
      style={
        Object {
          "backgroundColor": undefined,
          "color": "#1f2937",
          "fontFamily": "Poppins_400Regular",
          "fontSize": 14,
          "fontStyle": undefined,
          "fontWeight": undefined,
          "letterSpacing": 0,
          "lineHeight": 21,
          "textDecorationLine": undefined,
        }
      }
    >
      testing
    </Text>
  </View>
</RNCSafeAreaProvider>
`;
