// Jest Snapshot v1, https://goo.gl/fbAQLP

exports[`<AppWrapper /> renders correctly 1`] = `
<View
  style={
    Object {
      "flex": 1,
    }
  }
  testID="AppWrapper"
>
  <RNCSafeAreaProvider
    onInsetsChange={[Function]}
    style={
      Array [
        Object {
          "flex": 1,
        },
        undefined,
      ]
    }
  />
</View>
`;
